../Core/Src/main.c:104:6:Ultrasonic_distance	8	static
../Core/Src/main.c:115:6:HAL_TIM_IC_CaptureCallback	16	static
../Core/Src/main.c:176:6:HAL_CAN_RxFifo0MsgPendingCallback	16	static
../Core/Src/main.c:194:5:main	24	static
../Core/Src/main.c:310:6:SystemClock_Config	88	static
../Core/Src/main.c:356:13:MX_ADC1_Init	24	static
../Core/Src/main.c:408:13:MX_ADC2_Init	24	static
../Core/Src/main.c:460:13:MX_CAN1_Init	48	static
../Core/Src/main.c:512:13:MX_TIM4_Init	48	static
../Core/Src/main.c:570:13:MX_USART2_UART_Init	8	static
../Core/Src/main.c:603:13:MX_GPIO_Init	48	static
../Core/Src/main.c:637:6:Error_Handler	4	static,ignoring_inline_asm
